[100m{[0m[101m
[0m[47m    [0m[100m{[0m[101m
[0m[47m        [0m[100m{[0m[101m
[0m[47m            [0m[100m{[0m[101m
[0m[47m                [0m[100m{[0m[101m
[0m[47m                    [0m[100m{[0m[101m
[0m[47m                        [0m[100m{[0m[100m}[0m[101m
[0m[47m                    [0m[100m}[0m[101m
[0m[47m                [0m[100m}[0m[101m
[0m[47m            [0m[100m}[0m[101m
[0m[47m        [0m[100m}[0m[101m
[0m[47m    [0m[100m}[0m[101m
[0m[100m}[0m