[40m1[0m[40m2[0m[40m3[0m[101m
[0m[42mhello[0m[101m
[0m[40m0[0m[42mb0011u32[0m[101m
[0m[42m-[0m[40m2[0m[40m.[0m[40m5[0m[42me[0m[42m-[0m[40m3[0m[101m
[0m[40m1[0m[42m_000_000u32[0m[101m
[0m