[105m"{[()]}"[0m[101m

[0m[45mr#" "" "#[0m[101m

[0m[45mr##" r#""# "##[0m[101m
[0m