[42mfn[0m[47m [0m[42mmain[0m[100m([0m[100m)[0m[100m{[0m[101m
[0m[42mlet[0m[47m             [0m[42mmut[0m[47m  [0m[42mnumber[0m[47m              [0m[42m=[0m[47m [0m[40m1[0m[40m0[0m[47m     [0m[40m;[0m[101m
[0m[42mlet[0m[47m     [0m[42mmut[0m[47m  [0m[42msum[0m[47m       [0m[42m=[0m[47m [0m[40m0[0m[47m           [0m[40m;[0m[101m
[0m[42mfor[0m[47m [0m[42mi[0m[47m [0m[42min[0m[47m [0m[40m0[0m[40m.[0m[40m.[0m[47m [0m[42mnumber[0m[47m [0m[100m{[0m[101m
[0m[42mif[0m[47m           [0m[42mi[0m[47m [0m[42m%[0m[47m [0m[40m2[0m[47m      [0m[42m==[0m[47m         [0m[40m0[0m[100m{[0m[42msum[0m[42m+=[0m[42mi[0m[40m;[0m[100m}[0m[100m}[0m[101m
[0m[42mprintln[0m[40m![0m[100m([0m[105m"The     sum        of       even numbers   up   to    {}  is:   {}   "[0m[47m    [0m[40m,[0m[42mnumber[0m[40m,[0m[47m [0m[42msum[0m[100m)[0m[40m;[0m[47m          [0m[100m}[0m[101m
[0m