fn main() {
  println!( "Hello, World!" );
  println!( "[Kev]: Hello, World!" );
  println!( "(Kev)[Kev Kev]: Hello, World!" );
}
